Constructing Ephemeris...
Current coefficient array size: 4, 4, 4, 4, 4, 4, 4, 4, 4, 4, 4, 4, 4, 
Current coefficient array size: 5, 5, 5, 5, 5, 5, 5, 5, 4, 4, 4, 5, 5, 
Current coefficient array size: 6, 6, 6, 6, 6, 5, 5, 5, 4, 4, 4, 6, 6, 
Current coefficient array size: 7, 6, 7, 7, 6, 5, 5, 5, 4, 4, 4, 7, 7, 
Current coefficient array size: 8, 6, 7, 8, 6, 5, 5, 5, 4, 4, 4, 8, 8, 
Current coefficient array size: 9, 6, 7, 9, 6, 5, 5, 5, 4, 4, 4, 9, 9, 
Current coefficient array size: 9, 6, 7, 9, 6, 5, 5, 5, 4, 4, 4, 10, 10, 
Current coefficient array size: 9, 6, 7, 9, 6, 5, 5, 5, 4, 4, 4, 11, 11, 
Current coefficient array size: 9, 6, 7, 9, 6, 5, 5, 5, 4, 4, 4, 12, 12, 
Current coefficient array size: 9, 6, 7, 9, 6, 5, 5, 5, 4, 4, 4, 12, 13, 
Current coefficient array size: 9, 6, 8, 10, 6, 5, 5, 5, 4, 4, 4, 12, 13, 
Current coefficient array size: 9, 6, 9, 11, 6, 5, 5, 5, 4, 4, 4, 12, 13, 
End of construction...
 - : Test Initial Ephemeris
 - : Test Maximum Error
 - : Position : Velocity
 0 : 9.51e-12 : 1.18e-09
 1 : 2.89e-11 : 2.27e-09
 2 : 5.50e-12 : 6.84e-10
 3 : 5.87e-12 : 7.50e-10
 4 : 5.13e-13 : 4.04e-11
 5 : 1.74e-12 : 1.24e-10
 6 : 4.02e-13 : 2.85e-11
 7 : 2.82e-13 : 1.98e-11
 8 : 8.89e-12 : 2.71e-10
 9 : 1.00e-11 : 3.09e-10
10 : 1.00e-11 : 3.09e-10
11 : 3.63e-11 : 8.49e-09
12 : 8.12e-11 : 2.66e-08

 - : Test Saved Ephemeris
 - : Test Maximum Error
 - : Position : Velocity
 0 : 9.51e-12 : 1.18e-09
 1 : 2.89e-11 : 2.27e-09
 2 : 5.50e-12 : 6.84e-10
 3 : 5.87e-12 : 7.50e-10
 4 : 5.13e-13 : 4.04e-11
 5 : 1.74e-12 : 1.24e-10
 6 : 4.02e-13 : 2.85e-11
 7 : 2.82e-13 : 1.98e-11
 8 : 8.89e-12 : 2.71e-10
 9 : 1.00e-11 : 3.09e-10
10 : 1.00e-11 : 3.09e-10
11 : 3.63e-11 : 8.49e-09
12 : 8.12e-11 : 2.66e-08
